SQL> CREATE BIGFILE TABLESPACE "USERS" LOGGING DATAFILE "+CONS_DATA/PRRBT/datafile/users"  SIZE 359M AUTOEXTEND ON NEXT  1280K MAXSIZE 4G EXTENT MANAGEMENT LOCAL SEGMENT SPACE MANAGEMENT  AUTO;
CREATE BIGFILE TABLESPACE "USERS" LOGGING DATAFILE "+CONS_DATA/PRRBT/datafile/users"  SIZE 359M AUTOEXTEND ON NEXT  1280K MAXSIZE 4G EXTENT MANAGEMENT LOCAL SEGMENT SPACE MANAGEMENT  AUTO
                                                   *
ERROR at line 1:
ORA-00972: identifier is too long 


SQL> ALTER DATABASE DEFAULT TABLESPACE "USERS";
ALTER DATABASE DEFAULT TABLESPACE "USERS"
*
ERROR at line 1:
ORA-01507: database not mounted 


SQL> spool off
SQL> CREATE BIGFILE TABLESPACE "USERS" LOGGING DATAFILE '+CONS_DATA/PRRBT/datafile/users'  SIZE 359M AUTOEXTEND ON NEXT  1280K MAXSIZE 4G EXTENT MANAGEMENT LOCAL SEGMENT SPACE MANAGEMENT  AUTO;
CREATE BIGFILE TABLESPACE "USERS" LOGGING DATAFILE '+CONS_DATA/PRRBT/datafile/users'  SIZE 359M AUTOEXTEND ON NEXT  1280K MAXSIZE 4G EXTENT MANAGEMENT LOCAL SEGMENT SPACE MANAGEMENT  AUTO
*
ERROR at line 1:
ORA-01034: ORACLE not available
Process ID: 0
Session ID: 0 Serial number: 0 


SQL> ALTER DATABASE DEFAULT TABLESPACE "USERS";
ALTER DATABASE DEFAULT TABLESPACE "USERS"
*
ERROR at line 1:
ORA-01034: ORACLE not available
Process ID: 0
Session ID: 0 Serial number: 0 


SQL> spool off
SQL> CREATE BIGFILE TABLESPACE "USERS" LOGGING DATAFILE '+CONS_DATA/PRRBT/datafile/users'  SIZE 359M AUTOEXTEND ON NEXT  1280K MAXSIZE 4G EXTENT MANAGEMENT LOCAL SEGMENT SPACE MANAGEMENT  AUTO;
CREATE BIGFILE TABLESPACE "USERS" LOGGING DATAFILE '+CONS_DATA/PRRBT/datafile/users'  SIZE 359M AUTOEXTEND ON NEXT  1280K MAXSIZE 4G EXTENT MANAGEMENT LOCAL SEGMENT SPACE MANAGEMENT  AUTO
*
ERROR at line 1:
ORA-01109: database not open 


SQL> ALTER DATABASE DEFAULT TABLESPACE "USERS";
ALTER DATABASE DEFAULT TABLESPACE "USERS"
*
ERROR at line 1:
ORA-01507: database not mounted 


SQL> spool off
SQL> CREATE BIGFILE TABLESPACE "USERS" LOGGING DATAFILE '+CONS_DATA/PRRBT/datafile/users'  SIZE 359M AUTOEXTEND ON NEXT  1280K MAXSIZE 4G EXTENT MANAGEMENT LOCAL SEGMENT SPACE MANAGEMENT  AUTO;

Tablespace created.

SQL> ALTER DATABASE DEFAULT TABLESPACE "USERS";

Database altered.

SQL> spool off
